
[1m[46m RUN [49m[22m [36mv3.2.4 [39m[90mC:/Users/ASUS/OneDrive - Informatics Institute of Technology/Desktop/Vibey/backend[39m

 [31mΓ¥»[39m tests/agent.test.js [2m([22m[2m12 tests[22m[2m | [22m[31m1 failed[39m[2m)[22m[32m 37[2mms[22m[39m
   [32mΓ£ô[39m Web Search Service[2m > [22mreturns structured results[32m 4[2mms[22m[39m
   [32mΓ£ô[39m File Processor[2m > [22mextracts text from PDF buffer[32m 1[2mms[22m[39m
   [32mΓ£ô[39m Memory Service[2m > [22msaves a memory and returns confirmation[32m 1[2mms[22m[39m
   [32mΓ£ô[39m Memory Service[2m > [22mrecalls memories by query[32m 0[2mms[22m[39m
   [32mΓ£ô[39m Memory Service[2m > [22mignores memory save for guest users[32m 0[2mms[22m[39m
   [32mΓ£ô[39m LLM Streaming[2m > [22mstreams tokens from createChatStream[32m 0[2mms[22m[39m
   [32mΓ£ô[39m LLM Streaming[2m > [22mcreateChatCompletion also streams without tools[32m 0[2mms[22m[39m
   [32mΓ£ô[39m Auth Middleware[2m > [22massigns guest user when no Authorization header is present[32m 6[2mms[22m[39m
   [32mΓ£ô[39m Auth Middleware[2m > [22massigns guest user with invalid token[32m 0[2mms[22m[39m
[31m   [31m├ù[31m Agent Integration[2m > [22mrunAgent sends SSE events and ends response[39m[32m 12[2mms[22m[39m
[31m     ΓåÆ expected 0 to be greater than 0[39m
   [32mΓ£ô[39m Agent Integration[2m > [22mrunAgent handles errors gracefully[32m 0[2mms[22m[39m
   [32mΓ£ô[39m Rate Limiter Middleware[2m > [22mexports apiLimiter as a function[32m 10[2mms[22m[39m
node.exe : 
At line:1 char:1
+ & "C:\Program 
Files\nodejs/node.exe" "C:\Us
ers\ASUS\AppData\Roaming\n 
...
+ ~~~~~~~~~~~~~~~~~~~~~~~~~~~
~~~~~~~~~~~~~~~~~~~~~~~~~~~~~
~~~~~~~~~~~~~
    + CategoryInfo           
   : NotSpecified: (:String  
  ) [], RemoteException
    + FullyQualifiedErrorId  
   : NativeCommandError
 
[31mΓÄ»ΓÄ»ΓÄ»ΓÄ»ΓÄ»ΓÄ»ΓÄ»[3
9m[1m[41m Failed Tests 1 [
49m[22m[31mΓÄ»ΓÄ»ΓÄ»ΓÄ»ΓÄ»Γ
Ä»ΓÄ»[39m

[41m[1m FAIL [22m[49m 
tests/agent.test.js[2m > 
[22mAgent Integration[2m > 
[22mrunAgent sends SSE 
events and ends response
[31m[1mAssertionError[22m:
 expected 0 to be greater 
than 0[39m
[36m [2mΓ¥»[22m tests/agen
t.test.js:[2m221:32[22m[39
m
    [90m219| [39m    
[90m// Should contain token 
events with content[39m
    [90m220| [39m    const 
tokenEvents = 
events.filter((e) => 
e.includes('event: token'ΓÇª
    [90m221| [39m    [34me
xpect[39m(tokenEvents[33m.
[39mlength)[33m.[39m[34mto
BeGreaterThan[39m([34m0[39
m)[33m;[39m
    [90m   | [39m          
                     
[31m^[39m
    [90m222| [39m
    [90m223| [39m    
[90m// Should end with a 
done event[39m

[31m[2mΓÄ»ΓÄ»ΓÄ»ΓÄ»ΓÄ»ΓÄ»ΓÄ
»ΓÄ»ΓÄ»ΓÄ»ΓÄ»ΓÄ»ΓÄ»ΓÄ»ΓÄ»ΓÄ»Γ
Ä»ΓÄ»ΓÄ»ΓÄ»ΓÄ»ΓÄ»ΓÄ»ΓÄ»[1/1]Γ
Ä»[22m[39m


[2m Test Files [22m [1m[31m1 failed[39m[22m[90m (1)[39m
[2m      Tests [22m [1m[31m1 failed[39m[22m[2m | [22m[1m[32m11 passed[39m[22m[90m (12)[39m
[2m   Start at [22m 23:50:24
[2m   Duration [22m 610ms[2m (transform 52ms, setup 0ms, collect 42ms, tests 37ms, environment 0ms, prepare 244ms)[22m

